// Jest Snapshot v1, https://goo.gl/fbAQLP

exports[`AuthorBio renders correctly 1`] = `
<div
  className="authorBio"
>
  <img
    alt="Micheal England"
    className="avatar"
    src="test-file-stub"
  />
  <p
    className="content"
  >
    Article by 
    <strong>
      Mike England
    </strong>
    .
  </p>
</div>
`;
