// Jest Snapshot v1, https://goo.gl/fbAQLP

exports[`Button renders correctly 1`] = `
Array [
  <a
    className="button"
    href="/"
  >
    Internal Link
  </a>,
  <a
    className="button"
    href="https://micheal.dev"
  >
    External Link
  </a>,
  <a
    className="button"
    href="https://micheal.dev"
  >
    https://micheal.dev
  </a>,
]
`;
