// Jest Snapshot v1, https://goo.gl/fbAQLP

exports[`Content renders correctly 1`] = `
<section
  className="content"
>
  <h3
    className="contentHeading"
    dangerouslySetInnerHTML={
      Object {
        "__html": "Content title.",
      }
    }
  />
  <div
    className="text"
    dangerouslySetInnerHTML={
      Object {
        "__html": "Text content...",
      }
    }
  />
</section>
`;
