// Jest Snapshot v1, https://goo.gl/fbAQLP

exports[`ContentCTA renders correctly 1`] = `
Array [
  <section
    className="cta"
  >
    <div
      className="inner"
    >
      <h2
        className="title"
        dangerouslySetInnerHTML={
          Object {
            "__html": "Content CTA",
          }
        }
      />
      <div
        className="content"
        dangerouslySetInnerHTML={
          Object {
            "__html": "Content...",
          }
        }
      />
      <a
        className="button button"
        href="https://codepen.io/mengland/pens/"
      >
        Button Label
      </a>
    </div>
  </section>,
  <section
    className="cta hasImg"
    style={
      Object {
        "backgroundImage": "url(./images/ash-goldsbrough-1092046-unsplash.jpg)",
      }
    }
  >
    <div
      className="inner"
    >
      <h2
        className="title"
        dangerouslySetInnerHTML={
          Object {
            "__html": "Content CTA with Image",
          }
        }
      />
      <hr />
      <div
        className="content"
        dangerouslySetInnerHTML={
          Object {
            "__html": "Content...",
          }
        }
      />
      <a
        className="button button"
        href="https://twitter.com/mikelikethebike"
      >
        Button Label
      </a>
    </div>
  </section>,
]
`;
