// Jest Snapshot v1, https://goo.gl/fbAQLP

exports[`Error404 renders correctly 1`] = `
<section
  className="error404"
  style={
    Object {
      "backgroundImage": "url(./images/adrien-converse-REL986jyuX4-unsplash.jpg)",
    }
  }
>
  <title>
    404 page not found
  </title>
  <h1
    className="title"
  >
    404 page not found
  </h1>
  <p
    className="content"
  >
    This page is missing or does not exist.
  </p>
  <a
    className="button"
    href="/"
  >
    Back to Micheal.dev
  </a>
</section>
`;
