// Jest Snapshot v1, https://goo.gl/fbAQLP

exports[`Heading renders correctly 1`] = `
Array [
  <h1
    dangerouslySetInnerHTML={
      Object {
        "__html": "Default",
      }
    }
  />,
  <h1
    dangerouslySetInnerHTML={
      Object {
        "__html": "H1",
      }
    }
  />,
  <h2
    dangerouslySetInnerHTML={
      Object {
        "__html": "H2",
      }
    }
  />,
  <h3
    dangerouslySetInnerHTML={
      Object {
        "__html": "H3",
      }
    }
  />,
  <h4
    dangerouslySetInnerHTML={
      Object {
        "__html": "H4",
      }
    }
  />,
  <h5
    dangerouslySetInnerHTML={
      Object {
        "__html": "H5",
      }
    }
  />,
  <h6
    dangerouslySetInnerHTML={
      Object {
        "__html": "H6",
      }
    }
  />,
]
`;
