// Jest Snapshot v1, https://goo.gl/fbAQLP

exports[`Header renders correctly 1`] = `
<header
  className="header"
>
  <div
    className="inner"
  >
    <a
      className="logo"
      href="/"
    >
      <span
        className="logo"
      >
        <svg
          height={200}
          version="1.1"
          viewBox="0 0 32 32"
          width={200}
          xmlns="http://www.w3.org/2000/svg"
          xmlnsXlink="http://www.w3.org/1999/xlink"
        >
          <path
            d="M32 32 32 27.5992141 5.00813008 15.9685658 32 4.27504912 32 0 0 13.956778 0 17.9803536 15.8090702 24.9065278z"
            fill="currentColor"
            fillRule="evenodd"
            stroke="none"
            transform="translate(16.000000, 16.000000) rotate(-270.000000) translate(-16.000000, -16.000000) "
          />
        </svg>
        <svg
          height={200}
          version="1.1"
          viewBox="0 0 32 32"
          width={200}
          xmlns="http://www.w3.org/2000/svg"
          xmlnsXlink="http://www.w3.org/1999/xlink"
        >
          <path
            d="M32 32 32 27.5992141 5.00813008 15.9685658 32 4.27504912 32 0 0 13.956778 0 17.9803536 15.8090702 24.9065278z"
            fill="currentColor"
            fillRule="evenodd"
            stroke="none"
            transform="translate(16.000000, 16.000000) rotate(-270.000000) translate(-16.000000, -16.000000) "
          />
        </svg>
      </span>
    </a>
    <nav
      className="menu"
    >
      <ul>
        <li>
          <a
            href="/blog"
          >
            Blog
          </a>
        </li>
      </ul>
    </nav>
  </div>
</header>
`;
