// Jest Snapshot v1, https://goo.gl/fbAQLP

exports[`Layout renders correctly 1`] = `
Array [
  <header
    className="header"
  >
    <div
      className="logo"
    >
      <a
        href="/"
      >
        <img
          alt="Micheal.dev logo"
          src="test-file-stub"
        />
      </a>
    </div>
    <nav
      className="menu"
    >
      <ul>
        <li>
          <a
            href="/blog"
          >
            Blog
          </a>
        </li>
      </ul>
    </nav>
  </header>,
  <main
    className="layout"
    id="layout"
  >
    <h1>
      Some content...
    </h1>
  </main>,
  <footer
    className="footer"
  >
    <div
      className="inner"
    >
      <p>
        © 
        2021
         Mike England, Built with 
        <a
          href="https://www.gatsbyjs.org"
        >
          Gatsby
        </a>
      </p>
    </div>
  </footer>,
]
`;
