// Jest Snapshot v1, https://goo.gl/fbAQLP

exports[`Layout renders correctly 1`] = `
Array [
  <header
    className="header"
  >
    <div
      className="inner"
    >
      <a
        className="logo"
        href="/"
      >
        <span
          className="logo"
        >
          <svg
            height={200}
            version="1.1"
            viewBox="0 0 32 32"
            width={200}
            xmlns="http://www.w3.org/2000/svg"
            xmlnsXlink="http://www.w3.org/1999/xlink"
          >
            <path
              d="M32 32 32 27.5992141 5.00813008 15.9685658 32 4.27504912 32 0 0 13.956778 0 17.9803536 15.8090702 24.9065278z"
              fill="currentColor"
              fillRule="evenodd"
              stroke="none"
              transform="translate(16.000000, 16.000000) rotate(-270.000000) translate(-16.000000, -16.000000) "
            />
          </svg>
          <svg
            height={200}
            version="1.1"
            viewBox="0 0 32 32"
            width={200}
            xmlns="http://www.w3.org/2000/svg"
            xmlnsXlink="http://www.w3.org/1999/xlink"
          >
            <path
              d="M32 32 32 27.5992141 5.00813008 15.9685658 32 4.27504912 32 0 0 13.956778 0 17.9803536 15.8090702 24.9065278z"
              fill="currentColor"
              fillRule="evenodd"
              stroke="none"
              transform="translate(16.000000, 16.000000) rotate(-270.000000) translate(-16.000000, -16.000000) "
            />
          </svg>
        </span>
      </a>
      <nav
        className="menu"
      >
        <ul>
          <li>
            <a
              href="/blog"
            >
              Blog
            </a>
          </li>
        </ul>
      </nav>
      <nav
        aria-label="social links"
        className="socialShare"
        role="navigation"
      >
        <ul>
          <li>
            <a
              href="https://github.com/michealengland"
              rel="noreferrer"
              target="_blank"
            >
              <span
                aria-hidden={true}
                className="icon"
              >
                <test-file-stub />
              </span>
              <span
                className="label"
              >
                Github
              </span>
            </a>
          </li>
          <li>
            <a
              href="https://www.linkedin.com/in/michealengland/"
              rel="noreferrer"
              target="_blank"
            >
              <span
                aria-hidden={true}
                className="icon"
              >
                <test-file-stub />
              </span>
              <span
                className="label"
              >
                Linkedin
              </span>
            </a>
          </li>
          <li>
            <a
              href="https://twitter.com/mikelikethebike"
              rel="noreferrer"
              target="_blank"
            >
              <span
                aria-hidden={true}
                className="icon"
              >
                <test-file-stub />
              </span>
              <span
                className="label"
              >
                Twitter
              </span>
            </a>
          </li>
        </ul>
      </nav>
    </div>
  </header>,
  <main
    className="layout"
    id="layout"
  >
    <h1>
      Some content...
    </h1>
  </main>,
  <footer
    className="footer"
  >
    <div
      className="inner"
    >
      <p>
        © 
        2021
         Mike England, Built with 
        <a
          href="https://www.gatsbyjs.org"
        >
          Gatsby
        </a>
      </p>
    </div>
  </footer>,
]
`;
