// Jest Snapshot v1, https://goo.gl/fbAQLP

exports[`MediaContent renders correctly 1`] = `
Array [
  <section
    className="mediaContent"
  >
    <div
      className="content"
    >
      <h2
        className="title"
        dangerouslySetInnerHTML={
          Object {
            "__html": "MediaContent title.",
          }
        }
      />
      <div
        dangerouslySetInnerHTML={
          Object {
            "__html": "MediaContent subtitle.",
          }
        }
      />
    </div>
    <figure
      className="media clipLeft"
    >
      <img
        alt=""
        src="./images/wcus2018-hall-track-1.jpg"
      />
    </figure>
  </section>,
  <section
    className="mediaContent"
  >
    <div
      className="content"
    >
      <h3
        className="title"
        dangerouslySetInnerHTML={
          Object {
            "__html": "MediaContent title.",
          }
        }
      />
      <div
        dangerouslySetInnerHTML={
          Object {
            "__html": "MediaContent subtitle.",
          }
        }
      />
    </div>
    <figure
      className="media clipRight"
    >
      <img
        alt="img alt content"
        src="./images/wcus2018-hall-track-1.jpg"
      />
    </figure>
  </section>,
]
`;
