// Jest Snapshot v1, https://goo.gl/fbAQLP

exports[`PostHeader renders correctly 1`] = `
<header
  className="postHeader"
>
  <div
    className="inner"
  >
    <h1
      className="title"
      dangerouslySetInnerHTML={
        Object {
          "__html": "Post Header Title",
        }
      }
    />
    <p
      className="content"
    >
      Header content goes here...
    </p>
  </div>
</header>
`;
