// Jest Snapshot v1, https://goo.gl/fbAQLP

exports[`PostNavigation renders correctly 1`] = `
<nav
  aria-label="Post Navigation"
  className="postNavigation"
  role="navigation"
>
  <ul
    className="inner"
  >
    <li>
      <a
        href="/blog/some-blog-link"
        rel="prev"
      >
        ← 
        Prev Label
      </a>
    </li>
    <li>
      <a
        href="/blog/some-blog-link"
        rel="next"
      >
        Next Label
         →
      </a>
    </li>
  </ul>
</nav>
`;
