// Jest Snapshot v1, https://goo.gl/fbAQLP

exports[`SocialShare renders correctly 1`] = `
<nav
  aria-label="social links"
  className="socialShare"
  role="navigation"
>
  <ul>
    <li>
      <a
        href="https://github.com/michealengland"
        rel="noreferrer"
        target="_blank"
      >
        <span
          aria-hidden={true}
          className="icon"
        >
          <svg
            className="svg-mock"
            height={200}
            viewBox="0 0 32 32"
            width={200}
          >
            <path
              d="M32 32 32 27.5992141 5.00813008 15.9685658 32 4.27504912 32 0 0 13.956778 0 17.9803536 15.8090702 24.9065278z"
            />
          </svg>
        </span>
        <span
          className="label"
        >
          Github
        </span>
      </a>
    </li>
    <li>
      <a
        href="https://www.linkedin.com/in/michealengland/"
        rel="noreferrer"
        target="_blank"
      >
        <span
          aria-hidden={true}
          className="icon"
        >
          <svg
            className="svg-mock"
            height={200}
            viewBox="0 0 32 32"
            width={200}
          >
            <path
              d="M32 32 32 27.5992141 5.00813008 15.9685658 32 4.27504912 32 0 0 13.956778 0 17.9803536 15.8090702 24.9065278z"
            />
          </svg>
        </span>
        <span
          className="label"
        >
          Linkedin
        </span>
      </a>
    </li>
    <li>
      <a
        href="https://twitter.com/mikelikethebike"
        rel="noreferrer"
        target="_blank"
      >
        <span
          aria-hidden={true}
          className="icon"
        >
          <svg
            className="svg-mock"
            height={200}
            viewBox="0 0 32 32"
            width={200}
          >
            <path
              d="M32 32 32 27.5992141 5.00813008 15.9685658 32 4.27504912 32 0 0 13.956778 0 17.9803536 15.8090702 24.9065278z"
            />
          </svg>
        </span>
        <span
          className="label"
        >
          Twitter
        </span>
      </a>
    </li>
  </ul>
</nav>
`;
